[    0.000000] Initializing cgroup subsys cpuset
[    0.000000] Initializing cgroup subsys cpu
[    0.000000] Initializing cgroup subsys cpuacct
[    0.000000] Linux version 4.4.0-98-generic (buildd@lcy01-03) (gcc version 5.4.0 20160609 (Ubuntu 5.4.0-6ubuntu1~16.04.4) ) #121-Ubuntu SMP Tue Oct 10 14:24:03 UTC 2017 (Ubuntu 4.4.0-98.121-generic 4.4.90)
[    0.000000] Command line: BOOT_IMAGE=/boot/vmlinuz-4.4.0-98-generic root=LABEL=cloudimg-rootfs ro console=tty1 console=ttyS0
[    0.000000] KERNEL supported cpus:
[    0.000000]   Intel GenuineIntel
[    0.000000]   AMD AuthenticAMD
[    0.000000]   Centaur CentaurHauls
[    0.000000] x86/fpu: xstate_offset[2]:  576, xstate_sizes[2]:  256
[    0.000000] x86/fpu: Supporting XSAVE feature 0x01: 'x87 floating point registers'
[    0.000000] x86/fpu: Supporting XSAVE feature 0x02: 'SSE registers'
[    0.000000] x86/fpu: Supporting XSAVE feature 0x04: 'AVX registers'
[    0.000000] x86/fpu: Enabled xstate features 0x7, context size is 832 bytes, using 'standard' format.
[    0.000000] x86/fpu: Using 'lazy' FPU context switches.
[    0.000000] e820: BIOS-provided physical RAM map:
[    0.000000] BIOS-e820: [mem 0x0000000000000000-0x000000000009fbff] usable
[    0.000000] BIOS-e820: [mem 0x000000000009fc00-0x000000000009ffff] reserved
[    0.000000] BIOS-e820: [mem 0x00000000000f0000-0x00000000000fffff] reserved
[    0.000000] BIOS-e820: [mem 0x0000000000100000-0x000000007ffeffff] usable
[    0.000000] BIOS-e820: [mem 0x000000007fff0000-0x000000007fffffff] ACPI data
[    0.000000] BIOS-e820: [mem 0x00000000fec00000-0x00000000fec00fff] reserved
[    0.000000] BIOS-e820: [mem 0x00000000fee00000-0x00000000fee00fff] reserved
[    0.000000] BIOS-e820: [mem 0x00000000fffc0000-0x00000000ffffffff] reserved
[    0.000000] NX (Execute Disable) protection: active
[    0.000000] SMBIOS 2.5 present.
[    0.000000] Hypervisor detected: KVM
[    0.000000] e820: last_pfn = 0x7fff0 max_arch_pfn = 0x400000000
[    0.000000] MTRR: Disabled
[    0.000000] x86/PAT: MTRRs disabled, skipping PAT initialization too.
[    0.000000] CPU MTRRs all blank - virtualized system.
[    0.000000] x86/PAT: Configuration [0-7]: WB  WT  UC- UC  WB  WT  UC- UC  
[    0.000000] found SMP MP-table at [mem 0x0009fff0-0x0009ffff] mapped at [ffff88000009fff0]
[    0.000000] Scanning 1 areas for low memory corruption
[    0.000000] RAMDISK: [mem 0x36ae2000-0x37568fff]
[    0.000000] ACPI: Early table checksum verification disabled
[    0.000000] ACPI: RSDP 0x00000000000E0000 000024 (v02 VBOX  )
[    0.000000] ACPI: XSDT 0x000000007FFF0030 00003C (v01 VBOX   VBOXXSDT 00000001 ASL  00000061)
[    0.000000] ACPI: FACP 0x000000007FFF00F0 0000F4 (v04 VBOX   VBOXFACP 00000001 ASL  00000061)
[    0.000000] ACPI: DSDT 0x000000007FFF0470 0021FF (v02 VBOX   VBOXBIOS 00000002 INTL 20100528)
[    0.000000] ACPI: FACS 0x000000007FFF0200 000040
[    0.000000] ACPI: FACS 0x000000007FFF0200 000040
[    0.000000] ACPI: APIC 0x000000007FFF0240 00005C (v02 VBOX   VBOXAPIC 00000001 ASL  00000061)
[    0.000000] ACPI: SSDT 0x000000007FFF02A0 0001CC (v01 VBOX   VBOXCPUT 00000002 INTL 20100528)
[    0.000000] No NUMA configuration found
[    0.000000] Faking a node at [mem 0x0000000000000000-0x000000007ffeffff]
[    0.000000] NODE_DATA(0) allocated [mem 0x7ffeb000-0x7ffeffff]
[    0.000000] kvm-clock: Using msrs 4b564d01 and 4b564d00
[    0.000000] kvm-clock: cpu 0, msr 0:7ffe3001, primary cpu clock
[    0.000000] kvm-clock: using sched offset of 5506448542 cycles
[    0.000000] clocksource: kvm-clock: mask: 0xffffffffffffffff max_cycles: 0x1cd42e4dffb, max_idle_ns: 881590591483 ns
[    0.000000] Zone ranges:
[    0.000000]   DMA      [mem 0x0000000000001000-0x0000000000ffffff]
[    0.000000]   DMA32    [mem 0x0000000001000000-0x000000007ffeffff]
[    0.000000]   Normal   empty
[    0.000000]   Device   empty
[    0.000000] Movable zone start for each node
[    0.000000] Early memory node ranges
[    0.000000]   node   0: [mem 0x0000000000001000-0x000000000009efff]
[    0.000000]   node   0: [mem 0x0000000000100000-0x000000007ffeffff]
[    0.000000] Initmem setup node 0 [mem 0x0000000000001000-0x000000007ffeffff]
[    0.000000] ACPI: PM-Timer IO Port: 0x4008
[    0.000000] IOAPIC[0]: apic_id 2, version 32, address 0xfec00000, GSI 0-23
[    0.000000] ACPI: INT_SRC_OVR (bus 0 bus_irq 0 global_irq 2 dfl dfl)
[    0.000000] ACPI: INT_SRC_OVR (bus 0 bus_irq 9 global_irq 9 high level)
[    0.000000] Using ACPI (MADT) for SMP configuration information
[    0.000000] smpboot: Allowing 2 CPUs, 0 hotplug CPUs
[    0.000000] PM: Registered nosave memory: [mem 0x00000000-0x00000fff]
[    0.000000] PM: Registered nosave memory: [mem 0x0009f000-0x0009ffff]
[    0.000000] PM: Registered nosave memory: [mem 0x000a0000-0x000effff]
[    0.000000] PM: Registered nosave memory: [mem 0x000f0000-0x000fffff]
[    0.000000] e820: [mem 0x80000000-0xfebfffff] available for PCI devices
[    0.000000] Booting paravirtualized kernel on KVM
[    0.000000] clocksource: refined-jiffies: mask: 0xffffffff max_cycles: 0xffffffff, max_idle_ns: 7645519600211568 ns
[    0.000000] setup_percpu: NR_CPUS:512 nr_cpumask_bits:512 nr_cpu_ids:2 nr_node_ids:1
[    0.000000] PERCPU: Embedded 34 pages/cpu @ffff88007fc00000 s98328 r8192 d32744 u1048576
[    0.000000] PV qspinlock hash table entries: 256 (order: 0, 4096 bytes)
[    0.000000] Built 1 zonelists in Node order, mobility grouping on.  Total pages: 515961
[    0.000000] Policy zone: DMA32
[    0.000000] Kernel command line: BOOT_IMAGE=/boot/vmlinuz-4.4.0-98-generic root=LABEL=cloudimg-rootfs ro console=tty1 console=ttyS0
[    0.000000] PID hash table entries: 4096 (order: 3, 32768 bytes)
[    0.000000] Memory: 2033976K/2096696K available (8484K kernel code, 1294K rwdata, 3988K rodata, 1492K init, 1316K bss, 62720K reserved, 0K cma-reserved)
[    0.000000] SLUB: HWalign=64, Order=0-3, MinObjects=0, CPUs=2, Nodes=1
[    0.000000] Hierarchical RCU implementation.
[    0.000000] 	Build-time adjustment of leaf fanout to 64.
[    0.000000] 	RCU restricting CPUs from NR_CPUS=512 to nr_cpu_ids=2.
[    0.000000] RCU: Adjusting geometry for rcu_fanout_leaf=64, nr_cpu_ids=2
[    0.000000] NR_IRQS:33024 nr_irqs:440 16
[    0.000000] Console: colour VGA+ 80x25
[    0.000000] console [tty1] enabled
[    0.000000] console [ttyS0] enabled
[    0.000000] tsc: Detected 2394.462 MHz processor
[    2.825723] Calibrating delay loop (skipped) preset value.. 4788.92 BogoMIPS (lpj=9577848)
[    2.833400] pid_max: default: 32768 minimum: 301
[    2.835726] ACPI: Core revision 20150930
[    2.842635] ACPI: 2 ACPI AML tables successfully acquired and loaded
[    2.852450] Security Framework initialized
[    2.862136] Yama: becoming mindful.
[    2.889139] AppArmor: AppArmor initialized
[    2.896140] Dentry cache hash table entries: 262144 (order: 9, 2097152 bytes)
[    2.980235] Inode-cache hash table entries: 131072 (order: 8, 1048576 bytes)
[    3.065373] Mount-cache hash table entries: 4096 (order: 3, 32768 bytes)
[    3.160791] Mountpoint-cache hash table entries: 4096 (order: 3, 32768 bytes)
[    3.237776] Initializing cgroup subsys io
[    3.293767] Initializing cgroup subsys memory
[    3.355428] Initializing cgroup subsys devices
[    3.406606] Initializing cgroup subsys freezer
[    3.430570] Initializing cgroup subsys net_cls
[    3.476402] Initializing cgroup subsys perf_event
[    3.488110] Initializing cgroup subsys net_prio
[    3.537765] Initializing cgroup subsys hugetlb
[    3.579766] Initializing cgroup subsys pids
[    3.628413] CPU: Physical Processor ID: 0
[    3.685538] CPU: Processor Core ID: 0
[    3.696357] mce: CPU supports 0 MCE banks
[    3.733126] Last level iTLB entries: 4KB 64, 2MB 8, 4MB 8
[    3.789478] Last level dTLB entries: 4KB 64, 2MB 0, 4MB 0, 1GB 4
[    3.827382] Freeing SMP alternatives memory: 32K
[    3.878383] ftrace: allocating 32154 entries in 126 pages
[    3.990531] smpboot: APIC(0) Converting physical 0 to logical package 0
[    3.994734] smpboot: Max logical packages: 1
[    3.997571] x2apic enabled
[    4.007911] Switched APIC routing to physical x2apic.
[    4.071703] ..TIMER: vector=0x30 apic1=0 pin1=2 apic2=-1 pin2=-1
[    4.259098] smpboot: CPU0: Intel(R) Core(TM) i7-5500U CPU @ 2.40GHz (family: 0x6, model: 0x3d, stepping: 0x4)
[    4.383381] Performance Events: unsupported p6 CPU model 61 no PMU driver, software events only.
[    4.470775] KVM setup paravirtual spinlock
[    4.514581] x86: Booting SMP configuration:
[    4.537990] .... node  #0, CPUs:      #1
[    4.540554] kvm-clock: cpu 1, msr 0:7ffe3041, secondary cpu clock
[    4.544052] mce: CPU supports 0 MCE banks
[    4.547513] x86: Booted up 1 node, 2 CPUs
[    4.550998] smpboot: Total of 2 processors activated (9577.84 BogoMIPS)
[    4.613666] devtmpfs: initialized
[    4.656550] evm: security.selinux
[    4.670948] evm: security.SMACK64
[    4.672781] evm: security.SMACK64EXEC
[    4.674720] evm: security.SMACK64TRANSMUTE
[    4.676792] evm: security.SMACK64MMAP
[    4.715769] evm: security.ima
[    4.742939] evm: security.capability
[    4.755665] clocksource: jiffies: mask: 0xffffffff max_cycles: 0xffffffff, max_idle_ns: 7645041785100000 ns
[    4.765950] futex hash table entries: 512 (order: 3, 32768 bytes)
[    4.794177] pinctrl core: initialized pinctrl subsystem
[    4.835871] RTC time:  0:47:51, date: 05/08/18
[    4.883124] NET: Registered protocol family 16
[    4.932991] cpuidle: using governor ladder
[    4.987562] cpuidle: using governor menu
[    4.997888] PCCT header not found.
[    5.031826] ACPI: bus type PCI registered
[    5.040507] acpiphp: ACPI Hot Plug PCI Controller Driver version: 0.5
[    5.077973] PCI: Using configuration type 1 for base access
[    5.117236] ACPI: Added _OSI(Module Device)
[    5.134653] ACPI: Added _OSI(Processor Device)
[    5.140428] ACPI: Added _OSI(3.0 _SCP Extensions)
[    5.144275] ACPI: Added _OSI(Processor Aggregator Device)
[    5.164830] ACPI: Executed 1 blocks of module-level executable AML code
[    5.217752] ACPI: Interpreter enabled
[    5.260445] ACPI: (supports S0 S5)
[    5.292293] ACPI: Using IOAPIC for interrupt routing
[    5.339223] PCI: Using host bridge windows from ACPI; if necessary, use "pci=nocrs" and report a bug
[    5.456623] ACPI: PCI Root Bridge [PCI0] (domain 0000 [bus 00-ff])
[    5.512863] acpi PNP0A03:00: _OSC: OS supports [ASPM ClockPM Segments MSI]
[    5.561330] acpi PNP0A03:00: _OSC: not requesting OS control; OS requires [ExtendedConfig ASPM ClockPM MSI]
[    5.638681] acpi PNP0A03:00: fail to add MMCONFIG information, can't access extended PCI configuration space under this bridge.
[    5.747790] PCI host bridge to bus 0000:00
[    5.784741] pci_bus 0000:00: root bus resource [io  0x0000-0x0cf7 window]
[    5.797470] pci_bus 0000:00: root bus resource [io  0x0d00-0xffff window]
[    5.848792] pci_bus 0000:00: root bus resource [mem 0x000a0000-0x000bffff window]
[    5.887574] pci_bus 0000:00: root bus resource [mem 0x80000000-0xffdfffff window]
[    5.957996] pci_bus 0000:00: root bus resource [bus 00-ff]
[    6.014065] pci 0000:00:01.1: legacy IDE quirk: reg 0x10: [io  0x01f0-0x01f7]
[    6.029146] pci 0000:00:01.1: legacy IDE quirk: reg 0x14: [io  0x03f6]
[    6.031602] pci 0000:00:01.1: legacy IDE quirk: reg 0x18: [io  0x0170-0x0177]
[    6.034275] pci 0000:00:01.1: legacy IDE quirk: reg 0x1c: [io  0x0376]
[    6.080061] pci 0000:00:07.0: quirk: [io  0x4000-0x403f] claimed by PIIX4 ACPI
[    6.149934] pci 0000:00:07.0: quirk: [io  0x4100-0x410f] claimed by PIIX4 SMB
[    6.222790] ACPI: PCI Interrupt Link [LNKA] (IRQs 5 9 10 *11)
[    6.267295] ACPI: PCI Interrupt Link [LNKB] (IRQs 5 9 10 *11)
[    6.271128] ACPI: PCI Interrupt Link [LNKC] (IRQs 5 9 *10 11)
[    6.288060] ACPI: PCI Interrupt Link [LNKD] (IRQs 5 *9 10 11)
[    6.291817] ACPI: Enabled 2 GPEs in block 00 to 07
[    6.295395] vgaarb: setting as boot device: PCI:0000:00:02.0
[    6.318860] vgaarb: device added: PCI:0000:00:02.0,decodes=io+mem,owns=io+mem,locks=none
[    6.362142] vgaarb: loaded
[    6.386234] vgaarb: bridge control possible 0000:00:02.0
[    6.437065] SCSI subsystem initialized
[    6.470394] ACPI: bus type USB registered
[    6.504133] usbcore: registered new interface driver usbfs
[    6.561622] usbcore: registered new interface driver hub
[    6.606439] usbcore: registered new device driver usb
[    6.633938] PCI: Using ACPI for IRQ routing
[    6.668465] NetLabel: Initializing
[    6.704380] NetLabel:  domain hash size = 128
[    6.742779] NetLabel:  protocols = UNLABELED CIPSOv4
[    6.792188] NetLabel:  unlabeled traffic allowed by default
[    6.830879] amd_nb: Cannot enumerate AMD northbridges
[    6.888635] clocksource: Switched to clocksource kvm-clock
[    7.012108] AppArmor: AppArmor Filesystem Enabled
[    7.115507] pnp: PnP ACPI init
[    7.153630] pnp: PnP ACPI: found 3 devices
[    7.249385] clocksource: acpi_pm: mask: 0xffffff max_cycles: 0xffffff, max_idle_ns: 2085701024 ns
[    7.337290] NET: Registered protocol family 2
[    7.340243] TCP established hash table entries: 16384 (order: 5, 131072 bytes)
[    7.359106] TCP bind hash table entries: 16384 (order: 6, 262144 bytes)
[    7.362250] TCP: Hash tables configured (established 16384 bind 16384)
[    7.497969] UDP hash table entries: 1024 (order: 3, 32768 bytes)
[    7.604228] UDP-Lite hash table entries: 1024 (order: 3, 32768 bytes)
[    7.607937] NET: Registered protocol family 1
[    7.610725] pci 0000:00:00.0: Limiting direct PCI/PCI transfers
[    7.614145] pci 0000:00:01.0: Activating ISA DMA hang workarounds
[    7.735292] Unpacking initramfs...
[   14.188403] Freeing initrd memory: 10780K
[   14.253315] RAPL PMU detected, API unit is 2^-32 Joules, 4 fixed counters 10737418240 ms ovfl timer
[   14.342446] hw unit of domain pp0-core 2^-0 Joules
[   14.423782] hw unit of domain package 2^-0 Joules
[   14.475269] hw unit of domain dram 2^-0 Joules
[   14.510890] hw unit of domain pp1-gpu 2^-0 Joules
[   14.568044] platform rtc_cmos: registered platform RTC device (no PNP device found)
[   14.732127] Scanning for low memory corruption every 60 seconds
[   14.750725] audit: initializing netlink subsys (disabled)
[   14.802628] audit: type=2000 audit(1525740482.606:1): initialized
[   14.841308] Initialise system trusted keyring
[   14.885845] HugeTLB registered 2 MB page size, pre-allocated 0 pages
[   14.926890] zbud: loaded
[   14.953788] VFS: Disk quotas dquot_6.6.0
[   14.992489] VFS: Dquot-cache hash table entries: 512 (order 0, 4096 bytes)
[   15.029528] squashfs: version 4.0 (2009/01/31) Phillip Lougher
[   15.032446] fuse init (API version 7.23)
[   15.034586] Key type big_key registered
[   15.124149] Allocating IMA MOK and blacklist keyrings.
[   15.128963] Key type asymmetric registered
[   15.133607] Asymmetric key parser 'x509' registered
[   15.136281] Block layer SCSI generic (bsg) driver version 0.4 loaded (major 249)
[   15.149246] io scheduler noop registered
[   15.151518] io scheduler deadline registered (default)
[   15.158761] io scheduler cfq registered
[   15.161026] pci_hotplug: PCI Hot Plug PCI Core version: 0.5
[   15.163799] pciehp: PCI Express Hot Plug Controller Driver version: 0.4
[   15.177414] ACPI: AC Adapter [AC] (off-line)
[   15.179681] input: Power Button as /devices/LNXSYSTM:00/LNXPWRBN:00/input/input0
[   15.198416] ACPI: Power Button [PWRF]
[   15.213341] input: Sleep Button as /devices/LNXSYSTM:00/LNXSLPBN:00/input/input1
[   15.260151] ACPI: Sleep Button [SLPF]
[   15.298099] GHES: HEST is not enabled!
[   15.299550] ACPI: Battery Slot [BAT0] (battery present)
[   15.327178] Serial: 8250/16550 driver, 32 ports, IRQ sharing enabled
[   15.407220] 00:02: ttyS0 at I/O 0x3f8 (irq = 4, base_baud = 115200) is a 16550A
[   15.512385] Linux agpgart interface v0.103
[   15.544925] loop: module loaded
[   15.569254] tsc: Refined TSC clocksource calibration: 2393.020 MHz
[   15.569260] clocksource: tsc: mask: 0xffffffffffffffff max_cycles: 0x227e75b2bf4, max_idle_ns: 440795287407 ns
[   15.671071] scsi host0: ata_piix
[   15.677069] scsi host1: ata_piix
[   15.705099] ata1: PATA max UDMA/33 cmd 0x1f0 ctl 0x3f6 bmdma 0xd000 irq 14
[   15.764189] ata2: PATA max UDMA/33 cmd 0x170 ctl 0x376 bmdma 0xd008 irq 15
[   15.826551] libphy: Fixed MDIO Bus: probed
[   15.857362] tun: Universal TUN/TAP device driver, 1.6
[   15.906017] tun: (C) 1999-2004 Max Krasnyansky <maxk@qualcomm.com>
[   15.969914] PPP generic driver version 2.4.2
[   15.996427] ehci_hcd: USB 2.0 'Enhanced' Host Controller (EHCI) Driver
[   16.037911] ehci-pci: EHCI PCI platform driver
[   16.076910] ehci-platform: EHCI generic platform driver
[   16.104717] ohci_hcd: USB 1.1 'Open' Host Controller (OHCI) Driver
[   16.134712] ohci-pci: OHCI PCI platform driver
[   16.162503] ohci-platform: OHCI generic platform driver
[   16.194050] uhci_hcd: USB Universal Host Controller Interface driver
[   16.228186] i8042: PNP: PS/2 Controller [PNP0303:PS2K,PNP0f03:PS2M] at 0x60,0x64 irq 1,12
[   16.233721] serio: i8042 KBD port at 0x60,0x64 irq 1
[   16.251332] serio: i8042 AUX port at 0x60,0x64 irq 12
[   16.256134] mousedev: PS/2 mouse device common for all mice
[   16.264612] input: AT Translated Set 2 keyboard as /devices/platform/i8042/serio0/input/input2
[   16.279712] rtc_cmos rtc_cmos: rtc core: registered rtc_cmos as rtc0
[   16.298166] rtc_cmos rtc_cmos: alarms up to one day, 114 bytes nvram
[   16.312709] i2c /dev entries driver
[   16.326721] device-mapper: uevent: version 1.0.3
[   16.440830] device-mapper: ioctl: 4.34.0-ioctl (2015-10-28) initialised: dm-devel@redhat.com
[   16.531958] ledtrig-cpu: registered to indicate activity on CPUs
[   16.579018] NET: Registered protocol family 10
[   16.605142] NET: Registered protocol family 17
[   16.641912] Key type dns_resolver registered
[   16.671731] microcode: CPU0 sig=0x306d4, pf=0x40, revision=0x0
[   16.707772] microcode: CPU1 sig=0x306d4, pf=0x40, revision=0x0
[   16.715247] microcode: Microcode Update Driver: v2.01 <tigran@aivazian.fsnet.co.uk>, Peter Oruba
[   16.721104] registered taskstats version 1
[   16.732019] Loading compiled-in X.509 certificates
[   16.735110] Loaded X.509 cert 'Build time autogenerated kernel key: 7431eaeda5a51458aeb00f8de0f18f89e178d882'
[   16.748974] zswap: loaded using pool lzo/zbud
[   16.754523] Key type trusted registered
[   16.763686] Key type encrypted registered
[   16.768449] AppArmor: AppArmor sha1 policy hashing enabled
[   16.770666] ima: No TPM chip found, activating TPM-bypass!
[   16.774788] evm: HMAC attrs: 0x1
[   16.776980]   Magic number: 2:825:758
[   16.778764] tty ttyS9: hash matches
[   16.785614] rtc_cmos rtc_cmos: setting system clock to 2018-05-08 00:48:03 UTC (1525740483)
[   16.791609] BIOS EDD facility v0.16 2004-Jun-25, 0 devices found
[   16.802591] EDD information not available.
[   16.838336] Freeing unused kernel memory: 1492K
[   16.875059] Write protecting the kernel read-only data: 14336k
[   16.921966] Freeing unused kernel memory: 1744K
[   16.954424] Freeing unused kernel memory: 108K
Loading, please wait...
[   17.002108] random: systemd-udevd: uninitialized urandom read (16 bytes read, 5 bits of entropy available)
starting version 229
[   17.003288] random: udevadm: uninitialized urandom read (16 bytes read, 5 bits of entropy available)
[   17.003315] random: udevadm: uninitialized urandom read (16 bytes read, 5 bits of entropy available)
[   17.020281] random: systemd-udevd: uninitialized urandom read (16 bytes read, 5 bits of entropy available)
[   17.022862] random: udevadm: uninitialized urandom read (16 bytes read, 5 bits of entropy available)
[   17.022935] random: udevadm: uninitialized urandom read (16 bytes read, 5 bits of entropy available)
[   17.023231] random: udevadm: uninitialized urandom read (16 bytes read, 5 bits of entropy available)
[   17.023333] random: udevadm: uninitialized urandom read (16 bytes read, 5 bits of entropy available)
[   17.023434] random: udevadm: uninitialized urandom read (16 bytes read, 5 bits of entropy available)
[   17.023536] random: udevadm: uninitialized urandom read (16 bytes read, 5 bits of entropy available)
[   17.111567] e1000: Intel(R) PRO/1000 Network Driver - version 7.3.21-k8-NAPI
[   17.117888] e1000: Copyright (c) 1999-2006 Intel Corporation.
[   17.121426] Fusion MPT base driver 3.04.20
[   17.150097] Copyright (c) 1999-2008 LSI Corporation
[   17.175221] Fusion MPT SPI Host driver 3.04.20
[   17.218785] AVX version of gcm_enc/dec engaged.
[   17.269458] AES CTR mode by8 optimization enabled
[   17.395957] input: ImExPS/2 Generic Explorer Mouse as /devices/platform/i8042/serio1/input/input4
[   17.681882] e1000 0000:00:03.0 eth0: (PCI:33MHz:32-bit) 02:1b:fc:5d:b5:ff
[   17.704957] e1000 0000:00:03.0 eth0: Intel(R) PRO/1000 Network Connection
[   18.170645] e1000 0000:00:08.0 eth1: (PCI:33MHz:32-bit) 08:00:27:23:74:78
[   18.223023] e1000 0000:00:08.0 eth1: Intel(R) PRO/1000 Network Connection
[   18.265017] mptbase: ioc0: Initiating bringup
[   18.265414] e1000 0000:00:03.0 enp0s3: renamed from eth0
[   18.305625] e1000 0000:00:08.0 enp0s8: renamed from eth1
[   18.358515] ioc0: LSI53C1030 A0: Capabilities={Initiator}
[   18.579056] scsi host2: ioc0: LSI53C1030 A0, FwRev=00000000h, Ports=1, MaxQ=256, IRQ=20
[   18.710015] scsi 2:0:0:0: Direct-Access     VBOX     HARDDISK         1.0  PQ: 0 ANSI: 5
[   18.778159] scsi target2:0:0: Beginning Domain Validation
[   18.838117] scsi target2:0:0: Domain Validation skipping write tests
[   18.841850] scsi target2:0:0: Ending Domain Validation
[   18.845292] scsi target2:0:0: asynchronous
[   18.922589] scsi 2:0:1:0: Direct-Access     VBOX     HARDDISK         1.0  PQ: 0 ANSI: 5
[   19.077758] scsi target2:0:1: Beginning Domain Validation
[   19.200683] scsi target2:0:1: Domain Validation skipping write tests
[   19.320594] scsi target2:0:1: Ending Domain Validation
[   19.438676] scsi target2:0:1: asynchronous
[   19.536485] sd 2:0:0:0: Attached scsi generic sg0 type 0
[   19.594344] sd 2:0:1:0: [sdb] 20480 512-byte logical blocks: (10.5 MB/10.0 MiB)
[   19.594350] sd 2:0:0:0: [sda] 20971520 512-byte logical blocks: (10.7 GB/10.0 GiB)
[   19.716013] sd 2:0:1:0: [sdb] Write Protect is off
[   19.716035] sd 2:0:1:0: Attached scsi generic sg1 type 0
[   19.731546] sd 2:0:0:0: [sda] Write Protect is off
[   19.742569] sd 2:0:0:0: [sda] Incomplete mode parameter data
[   19.742806] sd 2:0:1:0: [sdb] Incomplete mode parameter data
[   19.742810] sd 2:0:1:0: [sdb] Assuming drive cache: write through
[   19.754373] sd 2:0:0:0: [sda] Assuming drive cache: write through
[   19.761780]  sda: sda1
[   19.770139] sd 2:0:1:0: [sdb] Attached SCSI disk
[   19.797502] sd 2:0:0:0: [sda] Attached SCSI disk
[   20.157259] floppy0: no floppy controllers found
Begin: Loading e[   22.356632] md: linear personality registered for level -1
ssential drivers ... [   22.413966] md: multipath personality registered for level -4
[   22.462589] md: raid0 personality registered for level 0
[   22.501162] md: raid1 personality registered for level 1
[   22.616887] raid6: sse2x1   gen()  2462 MB/s
[   22.729362] raid6: sse2x1   xor()   877 MB/s
[   22.845155] raid6: sse2x2   gen()  1389 MB/s
[   22.957445] raid6: sse2x2   xor()  2086 MB/s
[   23.072718] raid6: sse2x4   gen()  6307 MB/s
[   23.189592] raid6: sse2x4   xor()  3736 MB/s
[   23.216701] raid6: using algorithm sse2x4 gen() 6307 MB/s
[   23.222223] raid6: .... xor() 3736 MB/s, rmw enabled
[   23.227375] raid6: using ssse3x2 recovery algorithm
[   23.238985] xor: automatically using best checksumming function:
[   23.285194]    avx       :  9309.000 MB/sec
[   23.293403] async_tx: api initialized (async)
[   23.353631] md: raid6 personality registered for level 6
[   23.369729] md: raid5 personality registered for level 5
[   23.395146] md: raid4 personality registered for level 4
[   23.423936] md: raid10 personality registered for level 10
done.
Begin: Running /scripts/init-premount ... done.
Begin: Mounting root file system ... Begin: Running /scripts/local-top ... done.
Begin: Running /scripts/local-premount ... [   23.483693] Btrfs loaded
Scanning for Btrfs filesystems
done.
Warning: fsck no[   23.543754] EXT4-fs (sda1): mounted filesystem with ordered data mode. Opts: (null)
t present, so skipping root file system
done.
Begin: Running /scripts/local-bottom ... done.
Begin: Running /scripts/init-bottom ... done.
[   23.786071] systemd[1]: systemd 229 running in system mode. (+PAM +AUDIT +SELINUX +IMA +APPARMOR +SMACK +SYSVINIT +UTMP +LIBCRYPTSETUP +GCRYPT +GNUTLS +ACL +XZ -LZ4 +SECCOMP +BLKID +ELFUTILS +KMOD -IDN)
[   23.922404] systemd[1]: Detected virtualization oracle.
[   23.966318] systemd[1]: Detected architecture x86-64.

Welcome to [1mUbuntu 16.04.3 LTS[0m!

[   24.038854] systemd[1]: Set hostname to <ubuntu>.
[   24.094435] systemd[1]: Initializing machine ID from random generator.
[   24.144262] systemd[1]: Installed transient /etc/machine-id file.
[   24.590861] random: nonblocking pool is initialized
[   24.664966] systemd[1]: Created slice System Slice.
[[0;32m  OK  [0m] Created slice System Slice.
[   24.686091] systemd[1]: Listening on LVM2 poll daemon socket.
[[0;32m  OK  [0m] Listening on LVM2 poll daemon socket.
[   24.778267] systemd[1]: Listening on udev Control Socket.
[[0;32m  OK  [0m] Listening on udev Control Socket.
[   24.838245] systemd[1]: Listening on Device-mapper event daemon FIFOs.
[[0;32m  OK  [0m] Listening on Device-mapper event daemon FIFOs.
[   24.937912] systemd[1]: Listening on /dev/initctl Compatibility Named Pipe.
[[0;32m  OK  [0m] Listening on /dev/initctl Compatibility Named Pipe.
[   25.062595] systemd[1]: Listening on Journal Socket.
[[0;32m  OK  [0m] Listening on Journal Socket.
[   25.189551] systemd[1]: Starting Uncomplicated firewall...
         Starting Uncomplicated firewall...
[   25.297672] systemd[1]: Mounting POSIX Message Queue File System...
         Mounting POSIX Message Queue File System...
[   25.394177] systemd[1]: Starting Load Kernel Modules...
         Starting Load Kernel Modules...
[   25.425566] systemd[1]: Mounting Huge Pages File System...
[   25.442705] Loading iSCSI transport class v2.0-870.
         Mounting Huge Pages File System...
[   25.512253] iscsi: registered transport (tcp)
[   25.628951] systemd[1]: Mounting Debug File System...
         Mounting Debug File System...
[   25.679914] iscsi: registered transport (iser)
[   25.685895] systemd[1]: Reached target User and Group Name Lookups.
[[0;32m  OK  [0m] Reached target User and Group Name Lookups.
[   25.720945] systemd[1]: Starting Create list of required static device nodes for the current kernel...
         Starting Create list of required st... nodes for the current kernel...
[   25.766364] systemd[1]: Started Trigger resolvconf update for networkd DNS.
[[0;32m  OK  [0m] Started Trigger resolvconf update for networkd DNS.
[   25.817070] systemd[1]: Reached target Encrypted Volumes.
[[0;32m  OK  [0m] Reached target Encrypted Volumes.
[   25.874112] systemd[1]: Listening on udev Kernel Socket.
[[0;32m  OK  [0m] Listening on udev Kernel Socket.
[   25.921344] systemd[1]: Starting Set console keymap...
         Starting Set console keymap...
[   25.945665] systemd[1]: Listening on Syslog Socket.
[[0;32m  OK  [0m] Listening on Syslog Socket.
[   25.964177] systemd[1]: Listening on Journal Audit Socket.
[[0;32m  OK  [0m] Listening on Journal Audit Socket.
[   25.986203] systemd[1]: Reached target Swap.
[[0;32m  OK  [0m] Reached target Swap.
[   26.042020] systemd[1]: Set up automount Arbitrary Executable File Formats File System Automount Point.
[[0;32m  OK  [0m] Set up automount Arbitrary Executab...ats File System Automount Point.
[   26.074215] systemd[1]: Listening on Journal Socket (/dev/log).
[[0;32m  OK  [0m] Listening on Journal Socket (/dev/log).
[   26.129785] systemd[1]: Starting Journal Service...
         Starting Journal Service...
[   26.193075] systemd[1]: Listening on LVM2 metadata daemon socket.
[[0;32m  OK  [0m] Listening on LVM2 metadata daemon socket.
[   26.294343] systemd[1]: Starting Monitoring of LVM2 mirrors, snapshots etc. using dmeventd or progress polling...
         Starting Monitoring of LVM2 mirrors... dmeventd or progress polling...
[   26.380245] systemd[1]: Created slice User and Session Slice.
[[0;32m  OK  [0m] Created slice User and Session Slice.
[   26.438610] systemd[1]: Reached target Slices.
[[0;32m  OK  [0m] Reached target Slices.
[   26.542401] systemd[1]: Started Forward Password Requests to Wall Directory Watch.
[[0;32m  OK  [0m] Started Forward Password Requests to Wall Directory Watch.
[   26.705945] systemd[1]: Starting Remount Root and Kernel File Systems...
[   26.727254] EXT4-fs (sda1): re-mounted. Opts: (null)
         Starting Remount Root and Kernel File Systems...
[   26.793484] systemd[1]: Created slice system-serial\x2dgetty.slice.
[[0;32m  OK  [0m] Created slice system-serial\x2dgetty.slice.
[   26.841831] systemd[1]: Starting Nameserver information manager...
         Starting Nameserver information manager...
[   26.917422] systemd[1]: Mounted POSIX Message Queue File System.
[[0;32m  OK  [0m] Mounted POSIX Message Queue File System.
[   26.961776] systemd[1]: Mounted Debug File System.
[[0;32m  OK  [0m] Mounted Debug File System.
[   26.989309] systemd[1]: Mounted Huge Pages File System.
[[0;32m  OK  [0m] Mounted Huge Pages File System.
[   27.013331] systemd[1]: Started Journal Service.
[[0;32m  OK  [0m] Started Journal Service.
[[0;32m  OK  [0m] Started Uncomplicated firewall.
[[0;32m  OK  [0m] Started Load Kernel Modules.
[[0;32m  OK  [0m] Started Create list of required sta...ce nodes for the current kernel.
[[0;32m  OK  [0m] Started Set console keymap.
[[0;32m  OK  [0m] Started Remount Root and Kernel File Systems.
[[0;32m  OK  [0m] Started Nameserver information manager.
[[0;32m  OK  [0m] Started LVM2 metadata daemon.
         Starting Load/Save Random Seed...
         Starting udev Coldplug all Devices...
         Starting Initial cloud-init job (pre-networking)...
         Starting Create Static Device Nodes in /dev...
         Starting Apply Kernel Variables...
         Mounting FUSE Control File System...
         Starting Flush Journal to Persistent Storage...
[[0;32m  OK  [0m] Mounted FUSE Control File System.
[[0;32m  OK  [0m] Started Load/Save Random Seed.
[[0;32m  OK  [0m] Started Create Static Device Nodes in /dev.
[[0;32m  OK  [0m] Started Apply Kernel Variables.
[[0;32m  OK  [0m] Started Monitoring of LVM2 mirrors,...ng dmeventd or progress polling.
[[0;32m  OK  [0m] Started udev Coldplug all Devices.
[[0;32m  OK  [0m] Started Flush Journal to Persistent Storage.
         Starting udev Kernel Device Manager...
[[0;32m  OK  [0m] Started udev Kernel Device Manager.
[[0;32m  OK  [0m] Started Dispatch Password Requests to Console Directory Watch.
[[0;32m  OK  [0m] Reached target Local File Systems (Pre).
[[0;32m  OK  [0m] Reached target Local File Systems.
         Starting LSB: AppArmor initialization...
         Starting Set console font and keymap...
         Starting Commit a transient machine-id on disk...
         Starting Create Volatile Files and Directories...
         Starting Tell Plymouth To Write Out Runtime Data...
[[0;32m  OK  [0m] Started Commit a transient machine-id on disk.
[[0;32m  OK  [0m] Started Create Volatile Files and Directories.
[[0;32m  OK  [0m] Started Tell Plymouth To Write Out Runtime Data.
         Starting Update UTMP about System Boot/Shutdown...
[[0;32m  OK  [0m] Reached target System Time Synchronized.
[[0;32m  OK  [0m] Started Update UTMP about System Boot/Shutdown.
[[0;32m  OK  [0m] Found device /dev/ttyS0.
[[0;32m  OK  [0m] Listening on Load/Save RF Kill Switch Status /dev/rfkill Watch.
[   24.253351] cloud-init[450]: Cloud-init v. 17.1 running 'init-local' at Tue, 08 May 2018 00:48:16 +0000. Up 23.32 seconds.
[[0;32m  OK  [0m] Started Initial cloud-init job (pre-networking).
[[0;32m  OK  [0m] Reached target Network (Pre).
[[0;32m  OK  [0m] Started LSB: AppArmor initialization.
         Starting Raise network interfaces...
[[0;32m  OK  [0m] Started Set console font and keymap.
[[0;32m  OK  [0m] Created slice system-getty.slice.
[[0;32m  OK  [0m] Started Raise network interfaces.
[[0;32m  OK  [0m] Reached target Network.
         Starting Initial cloud-init job (metadata service crawler)...
[   29.685916] cloud-init[968]: Cloud-init v. 17.1 running 'init' at Tue, 08 May 2018 00:48:21 +0000. Up 28.48 seconds.
[   29.781899] [cloud-init[0;32m  OK  [0m[968]: ] ci-info: ++++++++++++++++++++++++++++++++++++++Net device info++++++++++++++++++++++++++++++++++++++Started Initial cloud-init job (metadata service crawler).

[   29.783787] cloud-init[968]: ci-info: +--------+-------+----------------------------+---------------+-------+-------------------+
[   29.848703] [[0;32m  OK  [0m] Reached target Cloud-config availability.
[[0;32m  OK  [0m] Reached target System Initialization.
[[0;32m  OK  [0m] Listening on UUID daemon activation socket.
[[0;32m  OK  [0m] Listening on ACPID Listen Socket.
cloud-init[968]: ci-info: | Device |   Up  |          Address           |      Mask     | Scope |     Hw-Address    |
[   29.912606] [cloud-init[0;32m  OK  [0m[968]: ] ci-info: +--------+-------+----------------------------+---------------+-------+-------------------+Started Timer to automatically refresh installed snaps.

[   30.061320] cloud-init[968]: ci-info: | enp0s3 |  True |         10.0.2.15          | 255.255.255.0 |   .   | 02:1b:fc:5d:b5:ff |
[[0;32m  OK  [0m] Started Daily Cleanup of Temporary Directories.
[   30.065010] cloud-init[968]: ci-info: | enp0s3 |  True | fe80::1b:fcff:fe5d:b5ff/64 |       .       |  link | 02:1b:fc:5d:b5:ff |
[   30.314138]          cloud-initStarting LXD - unix socket.[968]: 
ci-info: | enp0s8 | False |             .              |       .       |   .   | 08:00:27:23:74:78 |
[   30.457630] cloud-init[968]: ci-info: |   lo   |  True |         127.0.0.1          |   255.0.0.0   |   .   |         .         |
         Starting Socket activation for snappy daemon.
[   30.461220] cloud-init[968]: ci-info: |   lo   |  True |          ::1/128           |       .       |  host |         .         |
[   30.709799] cloud-init[968]: ci-info: +--------+-------+----------------------------+---------------+-------+-------------------+
[[0;32m  OK  [0m] Started ACPI Events Check.
[   30.713163] cloud-init[968]: ci-info: +++++++++++++++++++++++++++Route IPv4 info++++++++++++++++++++++++++++
[[0;32m  OK  [0m] Reached target Paths.
[   30.853230] cloud-init[968]: ci-info: +-------+-------------+----------+---------------+-----------+-------+
[[0;32m  OK  [0m] Listening on D-Bus System Message Bus Socket.
[   30.973662] cloud-init[968]: ci-info: | Route | Destination | Gateway  |    Genmask    | Interface | Flags |
[[0;32m  OK  [0m] Reached target Network is Online.
[   31.069776] [cloud-init[0;32m  OK  [0m[968]: ] ci-info: +-------+-------------+----------+---------------+-----------+-------+Started Daily apt download activities.

[   31.186183] [cloud-init[0;32m  OK  [0m[968]: ] ci-info: |   0   |   0.0.0.0   | 10.0.2.2 |    0.0.0.0    |   enp0s3  |   UG  |Started Daily apt upgrade and clean activities.

[   31.326192] cloud-init[968]: ci-info: |   1   |   10.0.2.0  | 0.0.0.0  | 255.255.255.0 |   enp0s3  |   U   |
[[0;32m  OK  [0m] Reached target Timers.
[   31.329682] cloud-init[968]: ci-info: +-------+-------------+----------+---------------+-----------+-------+
         Starting iSCSI initiator daemon (iscsid)...
[[0;32m  OK  [0m] Listening on LXD - unix socket.
[[0;32m  OK  [0m] Listening on Socket activation for snappy daemon.
[   31.447149] cloud-init[968]: Generating public/private rsa key pair.
[   31.564508] [cloud-init[0;32m  OK  [0m[968]: ] Your identification has been saved in /etc/ssh/ssh_host_rsa_key.Started iSCSI initiator daemon (iscsid).

[   31.566762] cloud-init[968]: Your public key has been saved in /etc/ssh/ssh_host_rsa_key.pub.
[   31.589207] cloud-init[968]: The key fingerprint is:
[   31.621172]          cloud-initStarting Login to default iSCSI targets...[968]: 
SHA256:o4NSjC03MHFNEpwVUvVWB75zWwxksyV3Ol5WQIkekZ0 root@ubuntu-xenial
[   31.761484] cloud-init[[968]: [0;32m  OK  [0mThe key's randomart image is:] 
Reached target Sockets.
[   31.764936] [[0;32m  OK  [0m] Reached target Basic System.cloud-init
[968]: +---[RSA 2048]----+
[[0;32m  OK  [0m] Started Deferred execution scheduler.
[   31.883305] cloud-init[968]: |  ..=B=o.   +BO+=|
[   31.965779]          Starting Pollinate to seed the pseudo random number generator...
         Starting System Logging Service...
cloud-init[968]: |   ooo.  . o++EBo|
[   31.994723]          Starting LSB: Record successful boot for GRUB...
cloud-init[968]: |  o       o...= o|
[[0;32m  OK  [0m] Started Unattended Upgrades Shutdown.
[   32.056430] cloud-init[968]: |   *     .  .o * |
[   32.113084]          Starting Apply the settings specified in cloud-config...
         Starting /etc/rc.local Compatibility...
         Starting LSB: MD monitoring daemon...
cloud-init[968]: |  o *   S   o o o|
[   32.121505] cloud-init[[0;32m  OK  [0m] Started D-Bus System Message Bus.
[968]: |   + o . .   o o |
[   32.133917] cloud-init[968]: |  . . o       .  |
[   32.156860] cloud-init[968]: |   .   .         |
[   32.168152] cloud-init[968]: |                 |
[   32.170812] cloud-init[968]: +----[SHA256]-----+
[   32.173538] cloud-init[968]: Generating public/private dsa key pair.         Starting Login Service...
[[0;32m  OK  [0m] Started FUSE filesystem for LXC.
         Starting LXD - container startup/shutdown...
         Starting Accounts Service...
[[0;32m  OK  [0m] Started ACPI event daemon.
[[0;32m  OK  [0m] Started Regular background program processing daemon.

         Starting Snappy daemon...
[   32.216560] cloud-init[968]: Your identification has been saved in /etc/ssh/ssh_host_dsa_key.
[   32.285134] [cloud-init[0;32m  OK  [0m[968]: ] Your public key has been saved in /etc/ssh/ssh_host_dsa_key.pub.Started System Logging Service.

[   32.286282] cloud-init[968]: The key fingerprint is:
[   32.323196] cloud-init[968]: SHA256:/aOjYt+Zh3FN2KbJTisB3ytNOtE6Z2NWkV7cQ2rmPIA root@ubuntu-xenial
[[0;32m  OK  [0m] Started /etc/rc.local Compatibility.
[   32.327099] cloud-init[968]: The key's randomart image is:
[   32.356786] cloud-init[968]: +---[DSA 1024]----+
[   32.365877] cloud-init[968]: |                 |
[   32.436905] [cloud-init[0;32m  OK  [0m[968]: ] |               . |Started Login to default iSCSI targets.

[   32.437809] cloud-init[[0;32m  OK  [0m] Started LXD - container startup/shutdown.
[968]: [[0;32m  OK  [0m] Started Snappy daemon.
|          .  ooo.|
[   32.449205] cloud-init[968]: |        .E ..+*.+|
[   32.453069] cloud-init[968]: |        So.+*B o.|
[   32.461247] cloud-init[968]: |          =.X++  |
[   32.467539] cloud-init[968]: |           &o+.  |
[   32.471433] cloud-init[968]: |      o  .X+%.   |
[   32.476587] cloud-init[968]: |     . oo.=% .   |
[   32.480872] cloud-init[968]: +----[SHA256]-----+
[   32.493336] cloud-init[968]: Generating public/private ecdsa key pair.
[   32.521027] cloud-init[968]: Your identification has been saved in /etc/ssh/ssh_host_ecdsa_key.
[   32.530100] cloud-init[968]: Your public key has been saved in /etc/ssh/ssh_host_ecdsa_key.pub.
[   32.584598] cloud-init[968]: The key fingerprint is:
[   32.585140] cloud-init[968]: SHA256:mDZDAVp5AxVGUK05XeiX2/jnSCgUvOYj6m+rd01MXHo root@ubuntu-xenial
[[0;32m  OK  [0m] Started LSB: Record successful boot for GRUB.
[   32.585503] cloud-init[968]: The key's randomart image is:
[   32.648600] cloud-init[968]: +---[ECDSA 256]---+
[   32.668564] cloud-init[968]: |    =OBo .       |
[   32.689187] cloud-init[968]: |   o..ooo . .    |
[[0;32m  OK  [0m] Started LSB: MD monitoring daemon.
[   32.696249] cloud-init[968]: |  .  ..*oo +     |
[   32.716502] cloud-init[968]: |     .+ooo* E    |
[   32.725307] cloud-init[968]: |      *.S+ =     |
[   32.744817] cloud-init[968]: |     . *  =..    |
[   32.760523] cloud-init[968]: |      . +o...    |
[   32.805984] cloud-init[968]: |     .o..o.....  |
[[0;32m  OK  [0m] Started Login Service.
[   32.824578] cloud-init[968]: |   .+=oo    .o.  |
[   32.854919] cloud-init[968]: +----[SHA256]-----+
         Starting Authenticate and Authorize Users to Run Privileged Tasks...
[[0;32m  OK  [0m] Reached target Remote File Systems (Pre).
[   32.911008] cloud-init[968]: Generating public/private ed25519 key pair.
[[0;32m  OK  [0m] Reached target Remote File Systems.
[   32.973053] cloud-init[968]: Your identification has been saved in /etc/ssh/ssh_host_ed25519_key.
         Starting LSB: daemon to balance interrupts for SMP systems...
[   33.010864] cloud-init[968]: Your public key has been saved in /etc/ssh/ssh_host_ed25519_key.pub.
         Starting LSB: automatic crash report generation...
[   33.179222] cloud-init[968]: The key fingerprint is:
[   33.234427] cloud-init[968]: SHA256:aSY8/Wsw5WeMW7slyOkEpPiNEMGbw9NuIH7X9j0AgD8 root@ubuntu-xenial
[   33.272955] cloud-init[968]: The key's randomart image is:
[   33.354339]          cloud-initStarting Permit User Sessions...[968]: 
+--[ED25519 256]--+
         Starting LSB: VirtualBox Linux Additions...
[   33.419071] cloud-init[968]: |   ...           |
         Starting LSB: Set the CPU Frequency Scaling governor to "ondemand"...
[   33.468962] cloud-init[968]: |    o..          |
[   33.513434] cloud-init[968]: |   ..= ..        |
[   33.526633] cloud-init[968]: |  . B+E+...      |
[   33.556009] cloud-init[968]: | . .o==oS+ o     |
[   33.556767] cloud-init[968]: |  . .o+B=++o=    |
[[0;32m  OK  [0m] Started Permit User Sessions.
[   33.557161] cloud-init[968]: |   . oo..+*B...  |
[   33.589974] cloud-init[968]: |         o+.+o   |
[   33.590637] cloud-init[968]: |         .o .o   |
[[0;32m  OK  [0m] Started Authenticate and Authorize Users to Run Privileged Tasks.
[   33.590985] cloud-init[968]: +----[SHA256]-----+
[[0;32m  OK  [0m] Started Accounts Service.
[   33.693235] cloud-init[1111]: Generating locales (this might take a while)...
[[0;32m  OK  [0m] Started LSB: daemon to balance interrupts for SMP systems.
[[0;32m  OK  [0m] Started LSB: automatic crash report generation.
         Starting Hold until boot process finishes up...
         Starting Terminate Plymouth Boot Screen...
[[0;32m  OK  [0m] Started LSB: Set the CPU Frequency Scaling governor to "ondemand".
[[0;32m  OK  [0m] Started Hold until boot process finishes up.
[[0;32m  OK  [0m] Started Terminate Plymouth Boot Screen.
[[0;32m  OK  [0m] Started LSB: VirtualBox Linux Additions.
[[0;32m  OK  [0m] Started Serial Getty on ttyS0.
         Starting Set console scheme...
[[0;32m  OK  [0m] Started Getty on tty1.
[[0;32m  OK  [0m] Reached target Login Prompts.
[[0;32m  OK  [0m] Started Pollinate to seed the pseudo random number generator.
[[0;32m  OK  [0m] Started Set console scheme.
         Starting OpenBSD Secure Shell server...
[[0;32m  OK  [0m] Started OpenBSD Secure Shell server.
[[0;32m  OK  [0m] Reached target Multi-User System.
[[0;32m  OK  [0m] Reached target Graphical Interface.
         Starting Update UTMP about System Runlevel Changes...
[[0;32m  OK  [0m] Started Update UTMP about System Runlevel Changes.
[   36.184449] cloud-init[1111]:   en_US.UTF-8... done
[   36.201521] cloud-init[1111]: Generation complete.
         Stopping OpenBSD Secure Shell server...
[[0;32m  OK  [0m] Stopped OpenBSD Secure Shell server.
         Starting OpenBSD Secure Shell server...
[[0;32m  OK  [0m] Started OpenBSD Secure Shell server.
[   36.989619] cloud-init[1111]: Cloud-init v. 17.1 running 'modules:config' at Tue, 08 May 2018 00:48:25 +0000. Up 33.03 seconds.
[[0;32m  OK  [0m] Started Apply the settings specified in cloud-config.
         Starting Execute cloud user/final scripts...
ci-info: no authorized ssh keys fingerprints found for user ubuntu.
<14>May  8 00:48:30 ec2: 
<14>May  8 00:48:30 ec2: #############################################################
<14>May  8 00:48:30 ec2: -----BEGIN SSH HOST KEY FINGERPRINTS-----
<14>May  8 00:48:30 ec2: 1024 SHA256:/aOjYt+Zh3FN2KbJTisB3ytNOtE6Z2NWkV7cQ2rmPIA root@ubuntu-xenial (DSA)
<14>May  8 00:48:30 ec2: 256 SHA256:mDZDAVp5AxVGUK05XeiX2/jnSCgUvOYj6m+rd01MXHo root@ubuntu-xenial (ECDSA)
<14>May  8 00:48:30 ec2: 256 SHA256:aSY8/Wsw5WeMW7slyOkEpPiNEMGbw9NuIH7X9j0AgD8 root@ubuntu-xenial (ED25519)
<14>May  8 00:48:30 ec2: 2048 SHA256:o4NSjC03MHFNEpwVUvVWB75zWwxksyV3Ol5WQIkekZ0 root@ubuntu-xenial (RSA)
<14>May  8 00:48:30 ec2: -----END SSH HOST KEY FINGERPRINTS-----
<14>May  8 00:48:30 ec2: #############################################################
-----BEGIN SSH HOST KEY KEYS-----
ecdsa-sha2-nistp256 AAAAE2VjZHNhLXNoYTItbmlzdHAyNTYAAAAIbmlzdHAyNTYAAABBBLCUhjbo8C8z4bwmnaQUjckeldzTtFbWwSul3ETWhWos6+TXAa8R8OFM4MCuRVfUvM197O+v7tunCIEif4fkm8k= root@ubuntu-xenial
ssh-ed25519 AAAAC3NzaC1lZDI1NTE5AAAAIMGTT71SwVwM+ryOYWoIL9z+NIZt9ad17rXa1S1gOBg0 root@ubuntu-xenial
ssh-rsa AAAAB3NzaC1yc2EAAAADAQABAAABAQDHdWKDvm02DeW1sfTTb7Be+h6Td7RQKqwqJzXWn2HFKvR6lDEsn9Vo+IDDlu10LKJlKuOTxfM7RVj+eCSL0+jT2qp42ErwhgrvPEedfUiC/stgVpJDU1D8JT4Q+dZnPFd3sqvvjIml1EHlTwsJu3gr1blZTzQ1x++PFxCzTuFCkDZNOarAm9c1jiso066nPHZLFk9GBU4KcAxxyefNV4VjjdNNkK5LPdUxfEdGwWBcXOega0UVr6QePmQXRYx2JH61BbZ+x7oEcqqCubK1U2gx9cNZKTlRE1+e51EafHMbBnxMYzNKA47saPAYgPIA3SBmtHLbw+wYybigh++i8zHN root@ubuntu-xenial
-----END SSH HOST KEY KEYS-----
[   38.517363] cloud-init[1343]: Cloud-init v. 17.1 running 'modules:final' at Tue, 08 May 2018 00:48:30 +0000. Up 37.74 seconds.
[   38.530113] cloud-init[1343]: ci-info: no authorized ssh keys fingerprints found for user ubuntu.
[   38.535092] cloud-init[1343]: Cloud-init v. 17.1 finished at Tue, 08 May 2018 00:48:31 +0000. Datasource DataSourceNoCloud [seed=/dev/sdb][dsmode=net].  Up 38.50 seconds
[[0;32m  OK  [0m] Started Execute cloud user/final scripts.
[[0;32m  OK  [0m] Reached target Cloud-init target.

Ubuntu 16.04.3 LTS ubuntu-xenial ttyS0

ubuntu-xenial login: 